projects/amazon-trend-analyzer/qb_chunks/page_373_skip373000.csv
ASIN Buyability Flag,asin_status,CVR%,revenue,asp,units,gv,Images #,Videos #,Has A+ Content,Buybox Winner,Average Rating,Number of Ratings,bb_price,Ad CTR%,Ad CVR%,bsr,brand,Ad CPC$,ASIN (Description),Update Type,Sold By Amazon,Has Coupon?,Has Store Link?,In Stock Today?,category,Sellable On Hand Units,asin,date,Ad Cost,Ad Sales,Ad Clicks,Ad Impressions,Ad Conversions
NEW,NEW,,,,,,6.0,0.0,True,,4.6,525.0,10.55,,,,Disney,,"B0B5FPZHDX (Disney Pixar: 9"" Halloween Monsters, Inc. Sulley Rope Head Toy)",[],True,False,True,False,Seasonal Toys,7.0,B0B5FPZHDX,2025-09-02,,,,,
NEW,NEW,0.0,,,,8.0,6.0,0.0,True,,4.6,524.0,10.55,,,151.0,Disney,,"B0B5FPZHDX (Disney Pixar: 9"" Halloween Monsters, Inc. Sulley Rope Head Toy)",[],True,False,True,False,Seasonal Toys,7.0,B0B5FPZHDX,2025-09-01,,,,,
NEW,NEW,0.0,,,,12.0,6.0,0.0,True,,4.6,523.0,10.55,,,197.0,Disney,,"B0B5FPZHDX (Disney Pixar: 9"" Halloween Monsters, Inc. Sulley Rope Head Toy)",[],True,False,True,False,Seasonal Toys,7.0,B0B5FPZHDX,2025-08-31,,,,,
NEW,NEW,0.0,,,,5.0,6.0,0.0,True,,4.6,522.0,10.55,,,165.0,Disney,,"B0B5FPZHDX (Disney Pixar: 9"" Halloween Monsters, Inc. Sulley Rope Head Toy)",[],True,False,True,False,Seasonal Toys,7.0,B0B5FPZHDX,2025-08-30,,,,,
NEW,NEW,0.0,,,,11.0,6.0,0.0,True,,4.6,521.0,10.55,,,159.0,Disney,,"B0B5FPZHDX (Disney Pixar: 9"" Halloween Monsters, Inc. Sulley Rope Head Toy)",[],True,False,True,False,Seasonal Toys,7.0,B0B5FPZHDX,2025-08-29,,,,,
NEW,NEW,0.0,,,,6.0,6.0,0.0,True,,4.6,520.0,10.54,,,152.0,Disney,,"B0B5FPZHDX (Disney Pixar: 9"" Halloween Monsters, Inc. Sulley Rope Head Toy)",[],True,False,True,False,Seasonal Toys,7.0,B0B5FPZHDX,2025-08-28,,,,,
NEW,NEW,0.0,,,,5.0,6.0,0.0,True,,4.6,520.0,10.54,,,150.0,Disney,,"B0B5FPZHDX (Disney Pixar: 9"" Halloween Monsters, Inc. Sulley Rope Head Toy)",[],True,False,True,False,Seasonal Toys,7.0,B0B5FPZHDX,2025-08-27,,,,,
NEW,NEW,0.0,,,,11.0,6.0,0.0,True,,4.6,519.0,10.55,,,145.0,Disney,,"B0B5FPZHDX (Disney Pixar: 9"" Halloween Monsters, Inc. Sulley Rope Head Toy)",[],True,False,True,False,Seasonal Toys,7.0,B0B5FPZHDX,2025-08-26,,,,,
NEW,NEW,0.0,0.0,,0.0,9.0,6.0,0.0,True,,4.6,519.0,10.55,,,171.0,Disney,,"B0B5FPZHDX (Disney Pixar: 9"" Halloween Monsters, Inc. Sulley Rope Head Toy)",[],True,False,True,False,Seasonal Toys,7.0,B0B5FPZHDX,2025-08-25,,,,,
NEW,NEW,0.0,0.0,,0.0,11.0,6.0,0.0,True,,4.6,519.0,10.55,,,185.0,Disney,,"B0B5FPZHDX (Disney Pixar: 9"" Halloween Monsters, Inc. Sulley Rope Head Toy)",[],True,False,True,False,Seasonal Toys,7.0,B0B5FPZHDX,2025-08-24,,,,,
NEW,NEW,0.0,0.0,,0.0,11.0,6.0,0.0,True,,4.6,517.0,10.55,,,173.0,Disney,,"B0B5FPZHDX (Disney Pixar: 9"" Halloween Monsters, Inc. Sulley Rope Head Toy)",[],True,False,True,False,Seasonal Toys,7.0,B0B5FPZHDX,2025-08-23,,,,,
NEW,NEW,0.1,11.0,10.55,1.0,10.0,6.0,0.0,True,,4.6,516.0,10.55,,,173.0,Disney,,"B0B5FPZHDX (Disney Pixar: 9"" Halloween Monsters, Inc. Sulley Rope Head Toy)",[],True,False,True,False,Seasonal Toys,7.0,B0B5FPZHDX,2025-08-22,,,,,
NEW,NEW,0.0,0.0,,0.0,11.0,6.0,0.0,True,,4.6,515.0,10.55,,,211.0,Disney,,"B0B5FPZHDX (Disney Pixar: 9"" Halloween Monsters, Inc. Sulley Rope Head Toy)",[],True,False,True,False,Seasonal Toys,9.0,B0B5FPZHDX,2025-08-21,,,,,
NEW,NEW,0.1,11.0,10.55,1.0,10.0,6.0,0.0,True,,4.6,515.0,10.55,,,193.0,Disney,,"B0B5FPZHDX (Disney Pixar: 9"" Halloween Monsters, Inc. Sulley Rope Head Toy)",[],True,False,True,False,Seasonal Toys,9.0,B0B5FPZHDX,2025-08-20,,,,,
NEW,NEW,0.0,,,,10.0,6.0,0.0,True,,4.6,515.0,10.52,,,229.0,Disney,,"B0B5FPZHDX (Disney Pixar: 9"" Halloween Monsters, Inc. Sulley Rope Head Toy)",[],True,False,True,False,Seasonal Toys,9.0,B0B5FPZHDX,2025-08-19,,,,,
NEW,NEW,0.0,0.0,,0.0,13.0,6.0,0.0,True,,4.6,515.0,10.52,,,170.0,Disney,,"B0B5FPZHDX (Disney Pixar: 9"" Halloween Monsters, Inc. Sulley Rope Head Toy)",[],True,False,True,False,Seasonal Toys,9.0,B0B5FPZHDX,2025-08-18,,,,,
NEW,NEW,0.0,0.0,,0.0,15.0,6.0,0.0,True,,4.6,514.0,10.52,,,279.0,Disney,,"B0B5FPZHDX (Disney Pixar: 9"" Halloween Monsters, Inc. Sulley Rope Head Toy)",[],True,False,True,False,Seasonal Toys,9.0,B0B5FPZHDX,2025-08-17,,,,,
NEW,NEW,0.167,21.0,10.52,2.0,12.0,6.0,0.0,True,,4.6,513.0,10.52,,,227.0,Disney,,"B0B5FPZHDX (Disney Pixar: 9"" Halloween Monsters, Inc. Sulley Rope Head Toy)",[],True,False,True,False,Seasonal Toys,10.0,B0B5FPZHDX,2025-08-16,,,,,
NEW,NEW,0.0,,,,9.0,6.0,0.0,True,,4.6,511.0,10.52,,,189.0,Disney,,"B0B5FPZHDX (Disney Pixar: 9"" Halloween Monsters, Inc. Sulley Rope Head Toy)",[],True,False,True,False,Seasonal Toys,11.0,B0B5FPZHDX,2025-08-15,,,,,
NEW,NEW,0.0,,,,13.0,6.0,0.0,True,,4.6,508.0,10.53,,,166.0,Disney,,"B0B5FPZHDX (Disney Pixar: 9"" Halloween Monsters, Inc. Sulley Rope Head Toy)",[],True,False,True,False,Seasonal Toys,11.0,B0B5FPZHDX,2025-08-14,,,,,
NEW,NEW,0.0,,,,14.0,6.0,0.0,True,,4.6,508.0,10.53,,,175.0,Disney,,"B0B5FPZHDX (Disney Pixar: 9"" Halloween Monsters, Inc. Sulley Rope Head Toy)",[],True,False,True,False,Seasonal Toys,11.0,B0B5FPZHDX,2025-08-13,,,,,
NEW,NEW,0.0,0.0,,0.0,12.0,6.0,0.0,True,,4.6,505.0,10.52,,,170.0,Disney,,"B0B5FPZHDX (Disney Pixar: 9"" Halloween Monsters, Inc. Sulley Rope Head Toy)",[],True,False,True,False,Seasonal Toys,11.0,B0B5FPZHDX,2025-08-12,,,,,
NEW,NEW,0.1,11.0,10.52,1.0,10.0,6.0,0.0,True,,4.6,505.0,10.52,,,215.0,Disney,,"B0B5FPZHDX (Disney Pixar: 9"" Halloween Monsters, Inc. Sulley Rope Head Toy)",[],True,False,True,False,Seasonal Toys,12.0,B0B5FPZHDX,2025-08-11,,,,,
NEW,NEW,0.0,,,,11.0,6.0,0.0,True,,4.6,505.0,10.53,,,164.0,Disney,,"B0B5FPZHDX (Disney Pixar: 9"" Halloween Monsters, Inc. Sulley Rope Head Toy)",[],True,False,True,False,Seasonal Toys,12.0,B0B5FPZHDX,2025-08-10,,,,,
NEW,NEW,0.0,,,,13.0,6.0,0.0,True,,4.6,504.0,10.52,,,153.0,Disney,,"B0B5FPZHDX (Disney Pixar: 9"" Halloween Monsters, Inc. Sulley Rope Head Toy)",[],True,False,True,False,Seasonal Toys,11.0,B0B5FPZHDX,2025-08-09,,,,,
NEW,NEW,0.0,,,,5.0,6.0,0.0,True,,4.6,500.0,10.53,,,144.0,Disney,,"B0B5FPZHDX (Disney Pixar: 9"" Halloween Monsters, Inc. Sulley Rope Head Toy)",[],True,False,True,False,Seasonal Toys,11.0,B0B5FPZHDX,2025-08-08,,,,,
NEW,NEW,0.0,,,,13.0,6.0,0.0,True,,4.6,497.0,12.94,,,134.0,Disney,,"B0B5FPZHDX (Disney Pixar: 9"" Halloween Monsters, Inc. Sulley Rope Head Toy)",[],True,False,True,False,Seasonal Toys,11.0,B0B5FPZHDX,2025-08-07,,,,,
NEW,NEW,0.0,,,,10.0,6.0,0.0,True,,4.6,497.0,12.94,,,146.0,Disney,,"B0B5FPZHDX (Disney Pixar: 9"" Halloween Monsters, Inc. Sulley Rope Head Toy)",[],True,False,True,False,Seasonal Toys,9.0,B0B5FPZHDX,2025-08-06,,,,,
NEW,NEW,0.0,0.0,,0.0,8.0,6.0,0.0,True,,4.6,496.0,12.95,,,143.0,Disney,,"B0B5FPZHDX (Disney Pixar: 9"" Halloween Monsters, Inc. Sulley Rope Head Toy)",[],True,False,True,False,Seasonal Toys,9.0,B0B5FPZHDX,2025-08-05,,,,,
NEW,NEW,0.0,0.0,,0.0,9.0,6.0,0.0,True,,4.6,496.0,12.95,,,150.0,Disney,,"B0B5FPZHDX (Disney Pixar: 9"" Halloween Monsters, Inc. Sulley Rope Head Toy)",[],True,False,True,False,Seasonal Toys,10.0,B0B5FPZHDX,2025-08-04,,,,,
NEW,NEW,0.143,13.0,12.95,1.0,7.0,6.0,0.0,True,,4.6,496.0,12.95,,,142.0,Disney,,"B0B5FPZHDX (Disney Pixar: 9"" Halloween Monsters, Inc. Sulley Rope Head Toy)",[],True,False,True,False,Seasonal Toys,11.0,B0B5FPZHDX,2025-08-03,,,,,
NEW,NEW,0.0,,,,10.0,6.0,0.0,True,,4.6,517.0,12.95,,,158.0,Disney,,"B0B5FPZHDX (Disney Pixar: 9"" Halloween Monsters, Inc. Sulley Rope Head Toy)",[],True,False,True,False,Seasonal Toys,9.0,B0B5FPZHDX,2025-08-02,,,,,
NEW,NEW,0.0,0.0,,0.0,21.0,6.0,0.0,True,,4.6,517.0,12.94,,,156.0,Disney,,"B0B5FPZHDX (Disney Pixar: 9"" Halloween Monsters, Inc. Sulley Rope Head Toy)",[],True,False,True,False,Seasonal Toys,9.0,B0B5FPZHDX,2025-08-01,,,,,
NEW,NEW,0.0,,,,15.0,12.0,0.0,True,,4.6,516.0,12.96,,,164.0,Disney,,"B0B5FPZHDX (Disney Pixar: 9"" Halloween Monsters, Inc. Sulley Rope Head Toy)",[],True,False,True,False,Seasonal Toys,10.0,B0B5FPZHDX,2025-07-31,,,,,
NEW,NEW,0.0,,,,4.0,6.0,0.0,True,,4.6,516.0,12.96,,,166.0,Disney,,"B0B5FPZHDX (Disney Pixar: 9"" Halloween Monsters, Inc. Sulley Rope Head Toy)",[],True,False,True,False,Seasonal Toys,10.0,B0B5FPZHDX,2025-07-30,,,,,
NEW,NEW,0.0,,,,12.0,0.0,0.0,True,,4.6,516.0,12.92,,,243.0,Disney,,"B0B5FPZHDX (Disney Pixar: 9"" Halloween Monsters, Inc. Sulley Rope Head Toy)",[],True,False,True,False,Seasonal Toys,11.0,B0B5FPZHDX,2025-07-29,,,,,
NEW,NEW,0.0,0.0,,0.0,7.0,0.0,0.0,True,,4.6,516.0,12.92,,,239.0,Disney,,"B0B5FPZHDX (Disney Pixar: 9"" Halloween Monsters, Inc. Sulley Rope Head Toy)",[],True,False,True,False,Seasonal Toys,11.0,B0B5FPZHDX,2025-07-28,,,,,
NEW,NEW,0.0,,,,10.0,0.0,0.0,True,,4.6,516.0,12.92,,,185.0,Disney,,"B0B5FPZHDX (Disney Pixar: 9"" Halloween Monsters, Inc. Sulley Rope Head Toy)",[],True,False,True,False,Seasonal Toys,12.0,B0B5FPZHDX,2025-07-27,,,,,
NEW,NEW,0.0,0.0,,0.0,17.0,0.0,0.0,True,,4.6,516.0,12.92,,,238.0,Disney,,"B0B5FPZHDX (Disney Pixar: 9"" Halloween Monsters, Inc. Sulley Rope Head Toy)",[],True,False,True,False,Seasonal Toys,12.0,B0B5FPZHDX,2025-07-26,,,,,
NEW,NEW,0.25,13.0,12.92,1.0,4.0,0.0,0.0,True,,4.6,515.0,12.92,,,220.0,Disney,,"B0B5FPZHDX (Disney Pixar: 9"" Halloween Monsters, Inc. Sulley Rope Head Toy)",[],True,False,True,False,Seasonal Toys,12.0,B0B5FPZHDX,2025-07-25,,,,,
NEW,NEW,0.0,,,,14.0,0.0,0.0,True,,4.6,514.0,12.99,,,193.0,Disney,,"B0B5FPZHDX (Disney Pixar: 9"" Halloween Monsters, Inc. Sulley Rope Head Toy)",[],True,False,True,False,Seasonal Toys,12.0,B0B5FPZHDX,2025-07-24,,,,,
NEW,NEW,0.0,,,,7.0,0.0,0.0,True,,4.6,514.0,12.99,,,173.0,Disney,,"B0B5FPZHDX (Disney Pixar: 9"" Halloween Monsters, Inc. Sulley Rope Head Toy)",[],True,False,True,False,Seasonal Toys,12.0,B0B5FPZHDX,2025-07-23,,,,,
NEW,NEW,0.0,,,,9.0,0.0,0.0,True,,4.6,514.0,12.78,,,191.0,Disney,,"B0B5FPZHDX (Disney Pixar: 9"" Halloween Monsters, Inc. Sulley Rope Head Toy)",[],True,False,True,False,Seasonal Toys,12.0,B0B5FPZHDX,2025-07-22,,,,,
NEW,NEW,0.0,,,,6.0,0.0,0.0,True,,4.6,513.0,12.78,,,161.0,Disney,,"B0B5FPZHDX (Disney Pixar: 9"" Halloween Monsters, Inc. Sulley Rope Head Toy)",[],True,False,True,False,Seasonal Toys,12.0,B0B5FPZHDX,2025-07-21,,,,,
NEW,NEW,0.0,,,,10.0,0.0,0.0,True,,4.6,512.0,12.78,,,147.0,Disney,,"B0B5FPZHDX (Disney Pixar: 9"" Halloween Monsters, Inc. Sulley Rope Head Toy)",[],True,False,True,False,Seasonal Toys,12.0,B0B5FPZHDX,2025-07-20,,,,,
NEW,NEW,0.0,,,,7.0,0.0,0.0,True,,4.6,510.0,12.78,,,151.0,Disney,,"B0B5FPZHDX (Disney Pixar: 9"" Halloween Monsters, Inc. Sulley Rope Head Toy)",[],True,False,True,False,Seasonal Toys,12.0,B0B5FPZHDX,2025-07-19,,,,,
NEW,NEW,0.0,,,,18.0,0.0,0.0,True,,4.6,508.0,12.78,,,200.0,Disney,,"B0B5FPZHDX (Disney Pixar: 9"" Halloween Monsters, Inc. Sulley Rope Head Toy)",[],True,False,True,False,Seasonal Toys,12.0,B0B5FPZHDX,2025-07-18,,,,,
NEW,NEW,0.0,,,,15.0,0.0,0.0,True,,4.5,507.0,12.61,,,206.0,Disney,,"B0B5FPZHDX (Disney Pixar: 9"" Halloween Monsters, Inc. Sulley Rope Head Toy)",[],True,False,True,False,Seasonal Toys,12.0,B0B5FPZHDX,2025-07-17,,,,,
NEW,NEW,0.0,,,,7.0,0.0,0.0,True,,4.6,506.0,12.61,,,193.0,Disney,,"B0B5FPZHDX (Disney Pixar: 9"" Halloween Monsters, Inc. Sulley Rope Head Toy)",[],True,False,True,False,Seasonal Toys,12.0,B0B5FPZHDX,2025-07-16,,,,,
NEW,NEW,0.0,,,,7.0,6.0,0.0,True,,4.6,506.0,12.62,,,156.0,Disney,,"B0B5FPZHDX (Disney Pixar: 9"" Halloween Monsters, Inc. Sulley Rope Head Toy)",[],True,False,True,False,Seasonal Toys,12.0,B0B5FPZHDX,2025-07-15,,,,,
NEW,NEW,0.0,0.0,,0.0,14.0,6.0,0.0,True,,4.5,505.0,12.61,,,172.0,Disney,,"B0B5FPZHDX (Disney Pixar: 9"" Halloween Monsters, Inc. Sulley Rope Head Toy)",[],True,False,True,False,Seasonal Toys,12.0,B0B5FPZHDX,2025-07-14,,,,,
NEW,NEW,0.0,0.0,,0.0,6.0,6.0,0.0,True,,4.5,505.0,12.61,,,161.0,Disney,,"B0B5FPZHDX (Disney Pixar: 9"" Halloween Monsters, Inc. Sulley Rope Head Toy)",[],True,False,True,False,Seasonal Toys,12.0,B0B5FPZHDX,2025-07-13,,,,,
NEW,NEW,0.0,0.0,,0.0,12.0,6.0,0.0,True,,4.5,504.0,12.61,,,180.0,Disney,,"B0B5FPZHDX (Disney Pixar: 9"" Halloween Monsters, Inc. Sulley Rope Head Toy)",[],True,False,True,False,Seasonal Toys,13.0,B0B5FPZHDX,2025-07-12,,,,,
NEW,NEW,0.2,25.0,12.61,2.0,10.0,6.0,0.0,True,,4.5,503.0,12.61,,,179.0,Disney,,"B0B5FPZHDX (Disney Pixar: 9"" Halloween Monsters, Inc. Sulley Rope Head Toy)",[],True,False,True,False,Seasonal Toys,14.0,B0B5FPZHDX,2025-07-11,,,,,
NEW,NEW,0.0,,,,10.0,6.0,0.0,True,,4.5,502.0,12.6,,,159.0,Disney,,"B0B5FPZHDX (Disney Pixar: 9"" Halloween Monsters, Inc. Sulley Rope Head Toy)",[],True,False,True,False,Seasonal Toys,14.0,B0B5FPZHDX,2025-07-10,,,,,
NEW,NEW,0.0,,,,11.0,6.0,0.0,True,,4.5,502.0,12.6,,,154.0,Disney,,"B0B5FPZHDX (Disney Pixar: 9"" Halloween Monsters, Inc. Sulley Rope Head Toy)",[],True,False,True,False,Seasonal Toys,14.0,B0B5FPZHDX,2025-07-09,,,,,
NEW,NEW,0.0,,,,15.0,6.0,0.0,True,,4.5,502.0,12.64,,,147.0,Disney,,"B0B5FPZHDX (Disney Pixar: 9"" Halloween Monsters, Inc. Sulley Rope Head Toy)",[],True,False,True,False,Seasonal Toys,14.0,B0B5FPZHDX,2025-07-08,,,,,
NEW,NEW,0.125,13.0,12.64,1.0,8.0,6.0,0.0,True,,4.5,502.0,12.64,,,135.0,Disney,,"B0B5FPZHDX (Disney Pixar: 9"" Halloween Monsters, Inc. Sulley Rope Head Toy)",[],True,False,True,False,Seasonal Toys,14.0,B0B5FPZHDX,2025-07-07,,,,,
NEW,NEW,0.0,,,,18.0,6.0,0.0,True,,4.5,501.0,12.64,,,133.0,Disney,,"B0B5FPZHDX (Disney Pixar: 9"" Halloween Monsters, Inc. Sulley Rope Head Toy)",[],True,False,True,False,Seasonal Toys,15.0,B0B5FPZHDX,2025-07-06,,,,,
NEW,NEW,-0.125,-13.0,12.64,-1.0,8.0,6.0,0.0,True,,4.6,499.0,12.64,,,132.0,Disney,,"B0B5FPZHDX (Disney Pixar: 9"" Halloween Monsters, Inc. Sulley Rope Head Toy)",[],True,False,True,False,Seasonal Toys,14.0,B0B5FPZHDX,2025-07-05,,,,,
NEW,NEW,0.111,13.0,12.64,1.0,9.0,6.0,0.0,True,,4.6,497.0,12.7,,,130.0,Disney,,"B0B5FPZHDX (Disney Pixar: 9"" Halloween Monsters, Inc. Sulley Rope Head Toy)",[],True,False,True,False,Seasonal Toys,14.0,B0B5FPZHDX,2025-07-04,,,,,
NEW,NEW,0.0,,,,11.0,6.0,0.0,True,,4.6,495.0,12.77,,,151.0,Disney,,"B0B5FPZHDX (Disney Pixar: 9"" Halloween Monsters, Inc. Sulley Rope Head Toy)",[],True,False,True,False,Seasonal Toys,14.0,B0B5FPZHDX,2025-07-03,,,,,
NEW,NEW,0.0,0.0,,0.0,21.0,6.0,0.0,True,,4.6,495.0,12.77,,,202.0,Disney,,"B0B5FPZHDX (Disney Pixar: 9"" Halloween Monsters, Inc. Sulley Rope Head Toy)",[],True,False,True,False,Seasonal Toys,14.0,B0B5FPZHDX,2025-07-02,,,,,
NEW,NEW,0.043,13.0,12.89,1.0,23.0,6.0,0.0,True,,4.6,495.0,12.89,,,246.0,Disney,,"B0B5FPZHDX (Disney Pixar: 9"" Halloween Monsters, Inc. Sulley Rope Head Toy)",[],True,False,True,False,Seasonal Toys,14.0,B0B5FPZHDX,2025-07-01,,,,,
NEW,NEW,0.0,,,,15.0,6.0,0.0,True,,4.6,494.0,12.89,,,209.0,Disney,,"B0B5FPZHDX (Disney Pixar: 9"" Halloween Monsters, Inc. Sulley Rope Head Toy)",[],True,False,True,False,Seasonal Toys,16.0,B0B5FPZHDX,2025-06-30,,,,,
NEW,NEW,0.0,,,,11.0,6.0,0.0,True,,4.6,494.0,12.91,,,222.0,Disney,,"B0B5FPZHDX (Disney Pixar: 9"" Halloween Monsters, Inc. Sulley Rope Head Toy)",[],True,False,True,False,Seasonal Toys,16.0,B0B5FPZHDX,2025-06-29,,,,,
NEW,NEW,0.0,,,,13.0,6.0,0.0,True,,4.6,494.0,12.91,,,216.0,Disney,,"B0B5FPZHDX (Disney Pixar: 9"" Halloween Monsters, Inc. Sulley Rope Head Toy)",[],True,False,True,False,Seasonal Toys,16.0,B0B5FPZHDX,2025-06-28,,,,,
NEW,NEW,0.143,13.0,12.91,1.0,7.0,6.0,0.0,True,,4.6,492.0,12.91,,,197.0,Disney,,"B0B5FPZHDX (Disney Pixar: 9"" Halloween Monsters, Inc. Sulley Rope Head Toy)",[],True,False,True,False,Seasonal Toys,16.0,B0B5FPZHDX,2025-06-27,,,,,
NEW,NEW,0.0,,,,14.0,6.0,0.0,True,,4.6,489.0,12.81,,,199.0,Disney,,"B0B5FPZHDX (Disney Pixar: 9"" Halloween Monsters, Inc. Sulley Rope Head Toy)",[],True,False,True,False,Seasonal Toys,17.0,B0B5FPZHDX,2025-06-26,,,,,
NEW,NEW,0.0,,,,12.0,6.0,0.0,True,,4.6,485.0,12.81,,,203.0,Disney,,"B0B5FPZHDX (Disney Pixar: 9"" Halloween Monsters, Inc. Sulley Rope Head Toy)",[],True,False,True,False,Seasonal Toys,17.0,B0B5FPZHDX,2025-06-25,,,,,
NEW,NEW,0.0,,,,2.0,6.0,0.0,True,,4.6,485.0,12.3,,,177.0,Disney,,"B0B5FPZHDX (Disney Pixar: 9"" Halloween Monsters, Inc. Sulley Rope Head Toy)",[],True,False,True,False,Seasonal Toys,17.0,B0B5FPZHDX,2025-06-24,,,,,
NEW,NEW,0.0,,,,4.0,6.0,1.0,True,,4.6,484.0,,,,176.0,Disney,,"B0B5FPZHDX (Disney Pixar: 9"" Halloween Monsters, Inc. Sulley Rope Head Toy)",[],False,False,True,False,Seasonal Toys,17.0,B0B5FPZHDX,2025-06-23,,,,,
NEW,NEW,0.0,,,,8.0,6.0,1.0,True,,4.6,481.0,,,,159.0,Disney,,"B0B5FPZHDX (Disney Pixar: 9"" Halloween Monsters, Inc. Sulley Rope Head Toy)",[],False,False,True,False,Seasonal Toys,17.0,B0B5FPZHDX,2025-06-22,,,,,
NEW,NEW,0.0,,,,3.0,6.0,1.0,True,,4.6,480.0,,,,203.0,Disney,,"B0B5FPZHDX (Disney Pixar: 9"" Halloween Monsters, Inc. Sulley Rope Head Toy)",[],False,False,True,False,Seasonal Toys,17.0,B0B5FPZHDX,2025-06-21,,,,,
NEW,NEW,0.0,,,,9.0,6.0,1.0,True,,4.6,478.0,,,,206.0,Disney,,"B0B5FPZHDX (Disney Pixar: 9"" Halloween Monsters, Inc. Sulley Rope Head Toy)",[],False,False,True,False,Seasonal Toys,17.0,B0B5FPZHDX,2025-06-20,,,,,
NEW,NEW,0.0,,,,6.0,6.0,1.0,True,,4.6,477.0,,,,170.0,Disney,,"B0B5FPZHDX (Disney Pixar: 9"" Halloween Monsters, Inc. Sulley Rope Head Toy)",[],False,False,True,False,Seasonal Toys,17.0,B0B5FPZHDX,2025-06-19,,,,,
NEW,NEW,0.0,,,,7.0,6.0,1.0,True,,4.6,477.0,,,,223.0,Disney,,"B0B5FPZHDX (Disney Pixar: 9"" Halloween Monsters, Inc. Sulley Rope Head Toy)",[],False,False,True,False,Seasonal Toys,17.0,B0B5FPZHDX,2025-06-18,,,,,
NEW,NEW,0.0,0.0,,0.0,4.0,6.0,1.0,True,,4.6,476.0,12.13,,,187.0,Disney,,"B0B5FPZHDX (Disney Pixar: 9"" Halloween Monsters, Inc. Sulley Rope Head Toy)",[],True,False,True,False,Seasonal Toys,17.0,B0B5FPZHDX,2025-06-17,,,,,
NEW,NEW,0.125,12.0,12.13,1.0,8.0,6.0,1.0,True,,4.6,474.0,,,,192.0,Disney,,"B0B5FPZHDX (Disney Pixar: 9"" Halloween Monsters, Inc. Sulley Rope Head Toy)",[],False,False,True,False,Seasonal Toys,16.0,B0B5FPZHDX,2025-06-16,,,,,
NEW,NEW,0.0,,,,6.0,6.0,1.0,True,,4.6,474.0,12.13,,,198.0,Disney,,"B0B5FPZHDX (Disney Pixar: 9"" Halloween Monsters, Inc. Sulley Rope Head Toy)",[],True,False,True,False,Seasonal Toys,16.0,B0B5FPZHDX,2025-06-15,,,,,
